00000000000000000000000001000001
11110000000000101110000110000011
00000000000000000001001011000101
00000000010011010101001101000111
00100000000000000001010011001001
01110000000000000101010111001011
00000000000000100001011001001101
01010000000000000010011111001111
00000000000000011001000000010000
00001111111111111101000000010010
00000000000100010000000001010001
01100000000000000010000011010011
00100000000000000101000011010101
00000000000000001101000011010111
00010000000000000000100011110001
11100000000000111010100110111001
00001111010000010111101001110111
00110100011111100011101110111111
00110000000000001000110011110111
11000000000000000101110111111111
11100000011110010111111010110011
11111111110101110001111101111011
00000000011010110101111000100000
00000000011010110101111000100000
11110000011100011001000010100001
11110000011100011001000010100001
00000000011010110101111000100010
00000000011010110101111000100010
11110000011100011001000010100011
11110000011100011001000010100011
