00000000000000000000000000010000
00000000000000000010000000010000
00000000000000000010000000010000
00000000000000000010000000010000
00000000000000000011000000010000
00000000000000001000000000010000
00000000000000000101000000010000
00000000000000001001000000010000
00000000000000000011000000010000
00000000000000001011000000010000
00000000000000001010000000010000
00000000000000001000000000010000
00000000000000001101000000010000
00000000000000001101000000010000
